gi|107837101|gb|ABF84970.1|	3
gi|107836588|gb|ABF84457.1|	5
gi|107836852|gb|ABF84721.1|	5
