/home/bosco/Packages/tmhmm-2.0/bin/decodeanhmm.Linux_x86_64 /home/bosco/Packages/tmhmm-2.0/lib/TMHMM2.0.model -f /home/bosco/Packages/tmhmm-2.0/lib/TMHMM2.0.options -plp
# SPy_1949 Length: 411
# SPy_1949 Number of predicted TMHs:  10
# SPy_1949 Exp number of AAs in TMHs: 210.57208
# SPy_1949 Exp number, first 60 AAs:  39.39875
# SPy_1949 Total prob of N-in:        0.02452
# SPy_1949 POSSIBLE N-term signal sequence
SPy_1949	TMHMM2.0	outside	     1    14
SPy_1949	TMHMM2.0	TMhelix	    15    30
SPy_1949	TMHMM2.0	inside	    31    36
SPy_1949	TMHMM2.0	TMhelix	    37    59
SPy_1949	TMHMM2.0	outside	    60    91
SPy_1949	TMHMM2.0	TMhelix	    92   114
SPy_1949	TMHMM2.0	inside	   115   126
SPy_1949	TMHMM2.0	TMhelix	   127   149
SPy_1949	TMHMM2.0	outside	   150   179
SPy_1949	TMHMM2.0	TMhelix	   180   197
SPy_1949	TMHMM2.0	inside	   198   216
SPy_1949	TMHMM2.0	TMhelix	   217   239
SPy_1949	TMHMM2.0	outside	   240   258
SPy_1949	TMHMM2.0	TMhelix	   259   281
SPy_1949	TMHMM2.0	inside	   282   301
SPy_1949	TMHMM2.0	TMhelix	   302   324
SPy_1949	TMHMM2.0	outside	   325   333
SPy_1949	TMHMM2.0	TMhelix	   334   356
SPy_1949	TMHMM2.0	inside	   357   376
SPy_1949	TMHMM2.0	TMhelix	   377   399
SPy_1949	TMHMM2.0	outside	   400   411
# SPy_1379 Length: 437
# SPy_1379 Number of predicted TMHs:  11
# SPy_1379 Exp number of AAs in TMHs: 217.43841
# SPy_1379 Exp number, first 60 AAs:  23.49629
# SPy_1379 Total prob of N-in:        0.87230
# SPy_1379 POSSIBLE N-term signal sequence
SPy_1379	TMHMM2.0	inside	     1    32
SPy_1379	TMHMM2.0	TMhelix	    33    55
SPy_1379	TMHMM2.0	outside	    56    58
SPy_1379	TMHMM2.0	TMhelix	    59    81
SPy_1379	TMHMM2.0	inside	    82    87
SPy_1379	TMHMM2.0	TMhelix	    88   105
SPy_1379	TMHMM2.0	outside	   106   178
SPy_1379	TMHMM2.0	TMhelix	   179   201
SPy_1379	TMHMM2.0	inside	   202   207
SPy_1379	TMHMM2.0	TMhelix	   208   230
SPy_1379	TMHMM2.0	outside	   231   244
SPy_1379	TMHMM2.0	TMhelix	   245   267
SPy_1379	TMHMM2.0	inside	   268   287
SPy_1379	TMHMM2.0	TMhelix	   288   306
SPy_1379	TMHMM2.0	outside	   307   320
SPy_1379	TMHMM2.0	TMhelix	   321   343
SPy_1379	TMHMM2.0	inside	   344   349
SPy_1379	TMHMM2.0	TMhelix	   350   372
SPy_1379	TMHMM2.0	outside	   373   381
SPy_1379	TMHMM2.0	TMhelix	   382   404
SPy_1379	TMHMM2.0	inside	   405   410
SPy_1379	TMHMM2.0	TMhelix	   411   433
SPy_1379	TMHMM2.0	outside	   434   437
# SPy_1392 Length: 398
# SPy_1392 Number of predicted TMHs:  12
# SPy_1392 Exp number of AAs in TMHs: 261.82606
# SPy_1392 Exp number, first 60 AAs:  40.00419
# SPy_1392 Total prob of N-in:        0.99987
# SPy_1392 POSSIBLE N-term signal sequence
SPy_1392	TMHMM2.0	inside	     1     6
SPy_1392	TMHMM2.0	TMhelix	     7    29
SPy_1392	TMHMM2.0	outside	    30    43
SPy_1392	TMHMM2.0	TMhelix	    44    66
SPy_1392	TMHMM2.0	inside	    67    72
SPy_1392	TMHMM2.0	TMhelix	    73    93
SPy_1392	TMHMM2.0	outside	    94   102
SPy_1392	TMHMM2.0	TMhelix	   103   125
SPy_1392	TMHMM2.0	inside	   126   136
SPy_1392	TMHMM2.0	TMhelix	   137   159
SPy_1392	TMHMM2.0	outside	   160   163
SPy_1392	TMHMM2.0	TMhelix	   164   186
SPy_1392	TMHMM2.0	inside	   187   220
SPy_1392	TMHMM2.0	TMhelix	   221   243
SPy_1392	TMHMM2.0	outside	   244   257
SPy_1392	TMHMM2.0	TMhelix	   258   280
SPy_1392	TMHMM2.0	inside	   281   286
SPy_1392	TMHMM2.0	TMhelix	   287   306
SPy_1392	TMHMM2.0	outside	   307   310
SPy_1392	TMHMM2.0	TMhelix	   311   330
SPy_1392	TMHMM2.0	inside	   331   342
SPy_1392	TMHMM2.0	TMhelix	   343   365
SPy_1392	TMHMM2.0	outside	   366   374
SPy_1392	TMHMM2.0	TMhelix	   375   394
SPy_1392	TMHMM2.0	inside	   395   398
